Archive member included to satisfy reference by file (symbol)

C:/Users/rsoza/Documents/coding/c++/stm32/STM32CubeIDE_1.14.1/STM32CubeIDE/plugins/com.st.stm32cube.ide.mcu.externaltools.gnu-tools-for-stm32.11.3.rel1.win32_1.1.100.202309141235/tools/bin/../lib/gcc/arm-none-eabi/11.3.1/../../../../arm-none-eabi/lib/thumb/v7e-m+fp/hard\libc_nano.a(libc_a-exit.o)
                              C:/Users/rsoza/Documents/coding/c++/stm32/STM32CubeIDE_1.14.1/STM32CubeIDE/plugins/com.st.stm32cube.ide.mcu.externaltools.gnu-tools-for-stm32.11.3.rel1.win32_1.1.100.202309141235/tools/bin/../lib/gcc/arm-none-eabi/11.3.1/../../../../arm-none-eabi/lib/thumb/v7e-m+fp/hard/crt0.o (exit)
C:/Users/rsoza/Documents/coding/c++/stm32/STM32CubeIDE_1.14.1/STM32CubeIDE/plugins/com.st.stm32cube.ide.mcu.externaltools.gnu-tools-for-stm32.11.3.rel1.win32_1.1.100.202309141235/tools/bin/../lib/gcc/arm-none-eabi/11.3.1/../../../../arm-none-eabi/lib/thumb/v7e-m+fp/hard\libc_nano.a(libc_a-findfp.o)
                              C:/Users/rsoza/Documents/coding/c++/stm32/STM32CubeIDE_1.14.1/STM32CubeIDE/plugins/com.st.stm32cube.ide.mcu.externaltools.gnu-tools-for-stm32.11.3.rel1.win32_1.1.100.202309141235/tools/bin/../lib/gcc/arm-none-eabi/11.3.1/../../../../arm-none-eabi/lib/thumb/v7e-m+fp/hard\libc_nano.a(libc_a-exit.o) (__stdio_exit_handler)
C:/Users/rsoza/Documents/coding/c++/stm32/STM32CubeIDE_1.14.1/STM32CubeIDE/plugins/com.st.stm32cube.ide.mcu.externaltools.gnu-tools-for-stm32.11.3.rel1.win32_1.1.100.202309141235/tools/bin/../lib/gcc/arm-none-eabi/11.3.1/../../../../arm-none-eabi/lib/thumb/v7e-m+fp/hard\libc_nano.a(libc_a-fwalk.o)
                              C:/Users/rsoza/Documents/coding/c++/stm32/STM32CubeIDE_1.14.1/STM32CubeIDE/plugins/com.st.stm32cube.ide.mcu.externaltools.gnu-tools-for-stm32.11.3.rel1.win32_1.1.100.202309141235/tools/bin/../lib/gcc/arm-none-eabi/11.3.1/../../../../arm-none-eabi/lib/thumb/v7e-m+fp/hard\libc_nano.a(libc_a-findfp.o) (_fwalk_sglue)
C:/Users/rsoza/Documents/coding/c++/stm32/STM32CubeIDE_1.14.1/STM32CubeIDE/plugins/com.st.stm32cube.ide.mcu.externaltools.gnu-tools-for-stm32.11.3.rel1.win32_1.1.100.202309141235/tools/bin/../lib/gcc/arm-none-eabi/11.3.1/../../../../arm-none-eabi/lib/thumb/v7e-m+fp/hard\libc_nano.a(libc_a-stdio.o)
                              C:/Users/rsoza/Documents/coding/c++/stm32/STM32CubeIDE_1.14.1/STM32CubeIDE/plugins/com.st.stm32cube.ide.mcu.externaltools.gnu-tools-for-stm32.11.3.rel1.win32_1.1.100.202309141235/tools/bin/../lib/gcc/arm-none-eabi/11.3.1/../../../../arm-none-eabi/lib/thumb/v7e-m+fp/hard\libc_nano.a(libc_a-findfp.o) (__sread)
C:/Users/rsoza/Documents/coding/c++/stm32/STM32CubeIDE_1.14.1/STM32CubeIDE/plugins/com.st.stm32cube.ide.mcu.externaltools.gnu-tools-for-stm32.11.3.rel1.win32_1.1.100.202309141235/tools/bin/../lib/gcc/arm-none-eabi/11.3.1/../../../../arm-none-eabi/lib/thumb/v7e-m+fp/hard\libc_nano.a(libc_a-memset.o)
                              C:/Users/rsoza/Documents/coding/c++/stm32/STM32CubeIDE_1.14.1/STM32CubeIDE/plugins/com.st.stm32cube.ide.mcu.externaltools.gnu-tools-for-stm32.11.3.rel1.win32_1.1.100.202309141235/tools/bin/../lib/gcc/arm-none-eabi/11.3.1/../../../../arm-none-eabi/lib/thumb/v7e-m+fp/hard/crt0.o (memset)
C:/Users/rsoza/Documents/coding/c++/stm32/STM32CubeIDE_1.14.1/STM32CubeIDE/plugins/com.st.stm32cube.ide.mcu.externaltools.gnu-tools-for-stm32.11.3.rel1.win32_1.1.100.202309141235/tools/bin/../lib/gcc/arm-none-eabi/11.3.1/../../../../arm-none-eabi/lib/thumb/v7e-m+fp/hard\libc_nano.a(libc_a-closer.o)
                              C:/Users/rsoza/Documents/coding/c++/stm32/STM32CubeIDE_1.14.1/STM32CubeIDE/plugins/com.st.stm32cube.ide.mcu.externaltools.gnu-tools-for-stm32.11.3.rel1.win32_1.1.100.202309141235/tools/bin/../lib/gcc/arm-none-eabi/11.3.1/../../../../arm-none-eabi/lib/thumb/v7e-m+fp/hard\libc_nano.a(libc_a-stdio.o) (_close_r)
C:/Users/rsoza/Documents/coding/c++/stm32/STM32CubeIDE_1.14.1/STM32CubeIDE/plugins/com.st.stm32cube.ide.mcu.externaltools.gnu-tools-for-stm32.11.3.rel1.win32_1.1.100.202309141235/tools/bin/../lib/gcc/arm-none-eabi/11.3.1/../../../../arm-none-eabi/lib/thumb/v7e-m+fp/hard\libc_nano.a(libc_a-reent.o)
                              C:/Users/rsoza/Documents/coding/c++/stm32/STM32CubeIDE_1.14.1/STM32CubeIDE/plugins/com.st.stm32cube.ide.mcu.externaltools.gnu-tools-for-stm32.11.3.rel1.win32_1.1.100.202309141235/tools/bin/../lib/gcc/arm-none-eabi/11.3.1/../../../../arm-none-eabi/lib/thumb/v7e-m+fp/hard\libc_nano.a(libc_a-closer.o) (errno)
C:/Users/rsoza/Documents/coding/c++/stm32/STM32CubeIDE_1.14.1/STM32CubeIDE/plugins/com.st.stm32cube.ide.mcu.externaltools.gnu-tools-for-stm32.11.3.rel1.win32_1.1.100.202309141235/tools/bin/../lib/gcc/arm-none-eabi/11.3.1/../../../../arm-none-eabi/lib/thumb/v7e-m+fp/hard\libc_nano.a(libc_a-impure.o)
[...]
Memory Configuration

Name             Origin             Length             Attributes
RAM              0x0000000020000000 0x0000000000020000 xrw
FLASH            0x0000000008000000 0x0000000000080000 xr
*default*        0x0000000000000000 0xffffffffffffffff

Linker script and memory map

LOAD C:/Users/rsoza/Documents/coding/c++/stm32/STM32CubeIDE_1.14.1/STM32CubeIDE/plugins/com.st.stm32cube.ide.mcu.externaltools.gnu-tools-for-stm32.11.3.rel1.win32_1.1.100.202309141235/tools/bin/../lib/gcc/arm-none-eabi/11.3.1/thumb/v7e-m+fp/hard/crti.o
LOAD C:/Users/rsoza/Documents/coding/c++/stm32/STM32CubeIDE_1.14.1/STM32CubeIDE/plugins/com.st.stm32cube.ide.mcu.externaltools.gnu-tools-for-stm32.11.3.rel1.win32_1.1.100.202309141235/tools/bin/../lib/gcc/arm-none-eabi/11.3.1/thumb/v7e-m+fp/hard/crtbegin.o
LOAD C:/Users/rsoza/Documents/coding/c++/stm32/STM32CubeIDE_1.14.1/STM32CubeIDE/plugins/com.st.stm32cube.ide.mcu.externaltools.gnu-tools-for-stm32.11.3.rel1.win32_1.1.100.202309141235/tools/bin/../lib/gcc/arm-none-eabi/11.3.1/../../../../arm-none-eabi/lib/thumb/v7e-m+fp/hard/crt0.o
LOAD ./Src/buzzer.o
LOAD ./Src/gameofthrones.o
LOAD ./Src/main.o
LOAD ./Src/syscalls.o
LOAD ./Src/sysmem.o
LOAD ./Startup/startup_stm32f411retx.o
START GROUP
LOAD C:/Users/rsoza/Documents/coding/c++/stm32/STM32CubeIDE_1.14.1/STM32CubeIDE/plugins/com.st.stm32cube.ide.mcu.externaltools.gnu-tools-for-stm32.11.3.rel1.win32_1.1.100.202309141235/tools/bin/../lib/gcc/arm-none-eabi/11.3.1/../../../../arm-none-eabi/lib/thumb/v7e-m+fp/hard\libc_nano.a
LOAD C:/Users/rsoza/Documents/coding/c++/stm32/STM32CubeIDE_1.14.1/STM32CubeIDE/plugins/com.st.stm32cube.ide.mcu.externaltools.gnu-tools-for-stm32.11.3.rel1.win32_1.1.100.202309141235/tools/bin/../lib/gcc/arm-none-eabi/11.3.1/../../../../arm-none-eabi/lib/thumb/v7e-m+fp/hard\libm.a
END GROUP
START GROUP
LOAD C:/Users/rsoza/Documents/coding/c++/stm32/STM32CubeIDE_1.14.1/STM32CubeIDE/plugins/com.st.stm32cube.ide.mcu.externaltools.gnu-tools-for-stm32.11.3.rel1.win32_1.1.100.202309141235/tools/bin/../lib/gcc/arm-none-eabi/11.3.1/thumb/v7e-m+fp/hard\libgcc.a
LOAD C:/Users/rsoza/Documents/coding/c++/stm32/STM32CubeIDE_1.14.1/STM32CubeIDE/plugins/com.st.stm32cube.ide.mcu.externaltools.gnu-tools-for-stm32.11.3.rel1.win32_1.1.100.202309141235/tools/bin/../lib/gcc/arm-none-eabi/11.3.1/../../../../arm-none-eabi/lib/thumb/v7e-m+fp/hard\libc_nano.a
END GROUP
START GROUP
LOAD C:/Users/rsoza/Documents/coding/c++/stm32/STM32CubeIDE_1.14.1/STM32CubeIDE/plugins/com.st.stm32cube.ide.mcu.externaltools.gnu-tools-for-stm32.11.3.rel1.win32_1.1.100.202309141235/tools/bin/../lib/gcc/arm-none-eabi/11.3.1/thumb/v7e-m+fp/hard\libgcc.a
LOAD C:/Users/rsoza/Documents/coding/c++/stm32/STM32CubeIDE_1.14.1/STM32CubeIDE/plugins/com.st.stm32cube.ide.mcu.externaltools.gnu-tools-for-stm32.11.3.rel1.win32_1.1.100.202309141235/tools/bin/../lib/gcc/arm-none-eabi/11.3.1/../../../../arm-none-eabi/lib/thumb/v7e-m+fp/hard\libc_nano.a
LOAD C:/Users/rsoza/Documents/coding/c++/stm32/STM32CubeIDE_1.14.1/STM32CubeIDE/plugins/com.st.stm32cube.ide.mcu.externaltools.gnu-tools-for-stm32.11.3.rel1.win32_1.1.100.202309141235/tools/bin/../lib/gcc/arm-none-eabi/11.3.1/../../../../arm-none-eabi/lib/thumb/v7e-m+fp/hard\libnosys.a
END GROUP
START GROUP
LOAD C:/Users/rsoza/Documents/coding/c++/stm32/STM32CubeIDE_1.14.1/STM32CubeIDE/plugins/com.st.stm32cube.ide.mcu.externaltools.gnu-tools-for-stm32.11.3.rel1.win32_1.1.100.202309141235/tools/bin/../lib/gcc/arm-none-eabi/11.3.1/thumb/v7e-m+fp/hard\libgcc.a
LOAD C:/Users/rsoza/Documents/coding/c++/stm32/STM32CubeIDE_1.14.1/STM32CubeIDE/plugins/com.st.stm32cube.ide.mcu.externaltools.gnu-tools-for-stm32.11.3.rel1.win32_1.1.100.202309141235/tools/bin/../lib/gcc/arm-none-eabi/11.3.1/../../../../arm-none-eabi/lib/thumb/v7e-m+fp/hard\libc_nano.a
LOAD C:/Users/rsoza/Documents/coding/c++/stm32/STM32CubeIDE_1.14.1/STM32CubeIDE/plugins/com.st.stm32cube.ide.mcu.externaltools.gnu-tools-for-stm32.11.3.rel1.win32_1.1.100.202309141235/tools/bin/../lib/gcc/arm-none-eabi/11.3.1/../../../../arm-none-eabi/lib/thumb/v7e-m+fp/hard\libnosys.a
END GROUP
LOAD C:/Users/rsoza/Documents/coding/c++/stm32/STM32CubeIDE_1.14.1/STM32CubeIDE/plugins/com.st.stm32cube.ide.mcu.externaltools.gnu-tools-for-stm32.11.3.rel1.win32_1.1.100.202309141235/tools/bin/../lib/gcc/arm-none-eabi/11.3.1/thumb/v7e-m+fp/hard/crtend.o
LOAD C:/Users/rsoza/Documents/coding/c++/stm32/STM32CubeIDE_1.14.1/STM32CubeIDE/plugins/com.st.stm32cube.ide.mcu.externaltools.gnu-tools-for-stm32.11.3.rel1.win32_1.1.100.202309141235/tools/bin/../lib/gcc/arm-none-eabi/11.3.1/thumb/v7e-m+fp/hard/crtn.o
                0x0000000020020000                _estack = (ORIGIN (RAM) + LENGTH (RAM))
                0x0000000000000200                _Min_Heap_Size = 0x200
                0x0000000000000400                _Min_Stack_Size = 0x400

.isr_vector     0x0000000008000000      0x198
                0x0000000008000000                . = ALIGN (0x4)
 *(.isr_vector)
 .isr_vector    0x0000000008000000      0x198 ./Startup/startup_stm32f411retx.o
                0x0000000008000000                g_pfnVectors
                0x0000000008000198                . = ALIGN (0x4)

.text           0x0000000008000198      0x320
                0x0000000008000198                . = ALIGN (0x4)
 *(.text)
 .text          0x0000000008000198       0x40 C:/Users/rsoza/Documents/coding/c++/stm32/STM32CubeIDE_1.14.1/STM32CubeIDE/plugins/com.st.stm32cube.ide.mcu.externaltools.gnu-tools-for-stm32.11.3.rel1.win32_1.1.100.202309141235/tools/bin/../lib/gcc/arm-none-eabi/11.3.1/thumb/v7e-m+fp/hard/crtbegin.o
 *(.text*)
 .text.gpio_init
                0x00000000080001d8       0x48 ./Src/buzzer.o
                0x00000000080001d8                gpio_init
 .text.tim2_init
                0x0000000008000220       0x50 ./Src/buzzer.o
                0x0000000008000220                tim2_init
 .text.systick_Delay_Ms
                0x0000000008000270       0x54 ./Src/buzzer.o
                0x0000000008000270                systick_Delay_Ms
 .text.main     0x00000000080002c4      0x140 ./Src/main.o
                0x00000000080002c4                main
 .text.Reset_Handler
                0x0000000008000404       0x50 ./Startup/startup_stm32f411retx.o
                0x0000000008000404                Reset_Handler
 .text.Default_Handler
                0x0000000008000454        0x2 ./Startup/startup_stm32f411retx.o
                0x0000000008000454                RTC_Alarm_IRQHandler
                0x0000000008000454                EXTI2_IRQHandler
                0x0000000008000454                DebugMon_Handler
                0x0000000008000454                SPI4_IRQHandler
                0x0000000008000454                TIM1_CC_IRQHandler
                0x0000000008000454                DMA2_Stream5_IRQHandler
                0x0000000008000454                HardFault_Handler
                0x0000000008000454                DMA1_Stream5_IRQHandler
                0x0000000008000454                SysTick_Handler
                0x0000000008000454                PVD_IRQHandler
                0x0000000008000454                SDIO_IRQHandler
                0x0000000008000454                TAMP_STAMP_IRQHandler
                0x0000000008000454                PendSV_Handler
                0x0000000008000454                NMI_Handler
                0x0000000008000454                EXTI3_IRQHandler
                0x0000000008000454                TIM1_UP_TIM10_IRQHandler
                0x0000000008000454                I2C3_ER_IRQHandler
                0x0000000008000454                EXTI0_IRQHandler
                0x0000000008000454                I2C2_EV_IRQHandler
                0x0000000008000454                DMA1_Stream2_IRQHandler
                0x0000000008000454                UsageFault_Handler
                0x0000000008000454                DMA2_Stream2_IRQHandler
                0x0000000008000454                SPI1_IRQHandler
                0x0000000008000454                TIM1_BRK_TIM9_IRQHandler
                0x0000000008000454                DMA2_Stream3_IRQHandler
                0x0000000008000454                USART6_IRQHandler
                0x0000000008000454                DMA2_Stream0_IRQHandler
                0x0000000008000454                TIM4_IRQHandler
                0x0000000008000454                I2C1_EV_IRQHandler
                0x0000000008000454                DMA1_Stream6_IRQHandler
                0x0000000008000454                DMA1_Stream1_IRQHandler
                0x0000000008000454                TIM3_IRQHandler
                0x0000000008000454                RCC_IRQHandler
                0x0000000008000454                Default_Handler
                0x0000000008000454                EXTI15_10_IRQHandler
                0x0000000008000454                ADC_IRQHandler
                0x0000000008000454                DMA1_Stream7_IRQHandler
                0x0000000008000454                SPI5_IRQHandler
                0x0000000008000454                TIM5_IRQHandler
                0x0000000008000454                DMA2_Stream7_IRQHandler
                0x0000000008000454                I2C3_EV_IRQHandler
                0x0000000008000454                EXTI9_5_IRQHandler
                0x0000000008000454                RTC_WKUP_IRQHandler
                0x0000000008000454                SPI2_IRQHandler
                0x0000000008000454                MemManage_Handler
                0x0000000008000454                DMA1_Stream0_IRQHandler
                0x0000000008000454                SVC_Handler
                0x0000000008000454                EXTI4_IRQHandler
                0x0000000008000454                WWDG_IRQHandler
                0x0000000008000454                TIM2_IRQHandler
                0x0000000008000454                OTG_FS_WKUP_IRQHandler
                0x0000000008000454                TIM1_TRG_COM_TIM11_IRQHandler
                0x0000000008000454                EXTI1_IRQHandler
                0x0000000008000454                USART2_IRQHandler
                0x0000000008000454                I2C2_ER_IRQHandler
                0x0000000008000454                DMA2_Stream1_IRQHandler
                0x0000000008000454                FLASH_IRQHandler
                0x0000000008000454                DMA2_Stream4_IRQHandler
                0x0000000008000454                BusFault_Handler
                0x0000000008000454                USART1_IRQHandler
                0x0000000008000454                OTG_FS_IRQHandler
                0x0000000008000454                SPI3_IRQHandler
                0x0000000008000454                DMA1_Stream4_IRQHandler
                0x0000000008000454                I2C1_ER_IRQHandler
                0x0000000008000454                DMA2_Stream6_IRQHandler
                0x0000000008000454                DMA1_Stream3_IRQHandler
 *fill*         0x0000000008000456        0x2 
 .text.__libc_init_array
                0x0000000008000458       0x48 C:/Users/rsoza/Documents/coding/c++/stm32/STM32CubeIDE_1.14.1/STM32CubeIDE/plugins/com.st.stm32cube.ide.mcu.externaltools.gnu-tools-for-stm32.11.3.rel1.win32_1.1.100.202309141235/tools/bin/../lib/gcc/arm-none-eabi/11.3.1/../../../../arm-none-eabi/lib/thumb/v7e-m+fp/hard\libc_nano.a(libc_a-init.o)
                0x0000000008000458                __libc_init_array
 *(.glue_7)
 .glue_7        0x00000000080004a0        0x0 linker stubs
 *(.glue_7t)
 .glue_7t       0x00000000080004a0        0x0 linker stubs
 *(.eh_frame)
 .eh_frame      0x00000000080004a0        0x0 C:/Users/rsoza/Documents/coding/c++/stm32/STM32CubeIDE_1.14.1/STM32CubeIDE/plugins/com.st.stm32cube.ide.mcu.externaltools.gnu-tools-for-stm32.11.3.rel1.win32_1.1.100.202309141235/tools/bin/../lib/gcc/arm-none-eabi/11.3.1/thumb/v7e-m+fp/hard/crtbegin.o
 *(.init)
 .init          0x00000000080004a0        0x4 C:/Users/rsoza/Documents/coding/c++/stm32/STM32CubeIDE_1.14.1/STM32CubeIDE/plugins/com.st.stm32cube.ide.mcu.externaltools.gnu-tools-for-stm32.11.3.rel1.win32_1.1.100.202309141235/tools/bin/../lib/gcc/arm-none-eabi/11.3.1/thumb/v7e-m+fp/hard/crti.o
                0x00000000080004a0                _init
 .init          0x00000000080004a4        0x8 C:/Users/rsoza/Documents/coding/c++/stm32/STM32CubeIDE_1.14.1/STM32CubeIDE/plugins/com.st.stm32cube.ide.mcu.externaltools.gnu-tools-for-stm32.11.3.rel1.win32_1.1.100.202309141235/tools/bin/../lib/gcc/arm-none-eabi/11.3.1/thumb/v7e-m+fp/hard/crtn.o
 *(.fini)
 .fini          0x00000000080004ac        0x4 C:/Users/rsoza/Documents/coding/c++/stm32/STM32CubeIDE_1.14.1/STM32CubeIDE/plugins/com.st.stm32cube.ide.mcu.externaltools.gnu-tools-for-stm32.11.3.rel1.win32_1.1.100.202309141235/tools/bin/../lib/gcc/arm-none-eabi/11.3.1/thumb/v7e-m+fp/hard/crti.o
                0x00000000080004ac                _fini
 .fini          0x00000000080004b0        0x8 C:/Users/rsoza/Documents/coding/c++/stm32/STM32CubeIDE_1.14.1/STM32CubeIDE/plugins/com.st.stm32cube.ide.mcu.externaltools.gnu-tools-for-stm32.11.3.rel1.win32_1.1.100.202309141235/tools/bin/../lib/gcc/arm-none-eabi/11.3.1/thumb/v7e-m+fp/hard/crtn.o
                0x00000000080004b8                . = ALIGN (0x4)
                0x00000000080004b8                _etext = .

.vfp11_veneer   0x00000000080004b8        0x0
 .vfp11_veneer  0x00000000080004b8        0x0 linker stubs

.v4_bx          0x00000000080004b8        0x0
 .v4_bx         0x00000000080004b8        0x0 linker stubs

.iplt           0x00000000080004b8        0x0
 .iplt          0x00000000080004b8        0x0 C:/Users/rsoza/Documents/coding/c++/stm32/STM32CubeIDE_1.14.1/STM32CubeIDE/plugins/com.st.stm32cube.ide.mcu.externaltools.gnu-tools-for-stm32.11.3.rel1.win32_1.1.100.202309141235/tools/bin/../lib/gcc/arm-none-eabi/11.3.1/thumb/v7e-m+fp/hard/crtbegin.o

.rel.dyn        0x00000000080004b8        0x0
 .rel.iplt      0x00000000080004b8        0x0 C:/Users/rsoza/Documents/coding/c++/stm32/STM32CubeIDE_1.14.1/STM32CubeIDE/plugins/com.st.stm32cube.ide.mcu.externaltools.gnu-tools-for-stm32.11.3.rel1.win32_1.1.100.202309141235/tools/bin/../lib/gcc/arm-none-eabi/11.3.1/thumb/v7e-m+fp/hard/crtbegin.o

.rodata         0x00000000080004b8        0x0
                0x00000000080004b8                . = ALIGN (0x4)
 *(.rodata)
 *(.rodata*)
                0x00000000080004b8                . = ALIGN (0x4)

.ARM.extab      0x00000000080004b8        0x0
                0x00000000080004b8                . = ALIGN (0x4)
 *(.ARM.extab* .gnu.linkonce.armextab.*)
                0x00000000080004b8                . = ALIGN (0x4)

.ARM            0x00000000080004b8        0x0
                0x00000000080004b8                . = ALIGN (0x4)
                0x00000000080004b8                __exidx_start = .
 *(.ARM.exidx*)
                0x00000000080004b8                __exidx_end = .
                0x00000000080004b8                . = ALIGN (0x4)

.preinit_array  0x00000000080004b8        0x0
                0x00000000080004b8                . = ALIGN (0x4)
                0x00000000080004b8                PROVIDE (__preinit_array_start = .)
 *(.preinit_array*)
                0x00000000080004b8                PROVIDE (__preinit_array_end = .)
                0x00000000080004b8                . = ALIGN (0x4)

.init_array     0x00000000080004b8        0x4
                0x00000000080004b8                . = ALIGN (0x4)
                0x00000000080004b8                PROVIDE (__init_array_start = .)
 *(SORT_BY_NAME(.init_array.*))
 *(.init_array*)
 .init_array    0x00000000080004b8        0x4 C:/Users/rsoza/Documents/coding/c++/stm32/STM32CubeIDE_1.14.1/STM32CubeIDE/plugins/com.st.stm32cube.ide.mcu.externaltools.gnu-tools-for-stm32.11.3.rel1.win32_1.1.100.202309141235/tools/bin/../lib/gcc/arm-none-eabi/11.3.1/thumb/v7e-m+fp/hard/crtbegin.o
                0x00000000080004bc                PROVIDE (__init_array_end = .)
                0x00000000080004bc                . = ALIGN (0x4)

.fini_array     0x00000000080004bc        0x4
                0x00000000080004bc                . = ALIGN (0x4)
                [!provide]                        PROVIDE (__fini_array_start = .)
 *(SORT_BY_NAME(.fini_array.*))
 *(.fini_array*)
 .fini_array    0x00000000080004bc        0x4 C:/Users/rsoza/Documents/coding/c++/stm32/STM32CubeIDE_1.14.1/STM32CubeIDE/plugins/com.st.stm32cube.ide.mcu.externaltools.gnu-tools-for-stm32.11.3.rel1.win32_1.1.100.202309141235/tools/bin/../lib/gcc/arm-none-eabi/11.3.1/thumb/v7e-m+fp/hard/crtbegin.o
                [!provide]                        PROVIDE (__fini_array_end = .)
                0x00000000080004c0                . = ALIGN (0x4)
                0x00000000080004c0                _sidata = LOADADDR (.data)

.data           0x0000000020000000        0x0 load address 0x00000000080004c0
                0x0000000020000000                . = ALIGN (0x4)
                0x0000000020000000                _sdata = .
 *(.data)
 *(.data*)
 *(.RamFunc)
 *(.RamFunc*)
                0x0000000020000000                . = ALIGN (0x4)
                0x0000000020000000                _edata = .

.igot.plt       0x0000000020000000        0x0 load address 0x00000000080004c0
 .igot.plt      0x0000000020000000        0x0 C:/Users/rsoza/Documents/coding/c++/stm32/STM32CubeIDE_1.14.1/STM32CubeIDE/plugins/com.st.stm32cube.ide.mcu.externaltools.gnu-tools-for-stm32.11.3.rel1.win32_1.1.100.202309141235/tools/bin/../lib/gcc/arm-none-eabi/11.3.1/thumb/v7e-m+fp/hard/crtbegin.o
                0x0000000020000000                . = ALIGN (0x4)

.bss            0x0000000020000000       0x5c load address 0x00000000080004c0
                0x0000000020000000                _sbss = .
                0x0000000020000000                __bss_start__ = _sbss
 *(.bss)
 .bss           0x0000000020000000       0x1c C:/Users/rsoza/Documents/coding/c++/stm32/STM32CubeIDE_1.14.1/STM32CubeIDE/plugins/com.st.stm32cube.ide.mcu.externaltools.gnu-tools-for-stm32.11.3.rel1.win32_1.1.100.202309141235/tools/bin/../lib/gcc/arm-none-eabi/11.3.1/thumb/v7e-m+fp/hard/crtbegin.o
 *(.bss*)
 .bss.pwmData   0x000000002000001c       0x20 ./Src/main.o
                0x000000002000001c                pwmData
 .bss.durData   0x000000002000003c       0x20 ./Src/main.o
                0x000000002000003c                durData
 *(COMMON)
                0x000000002000005c                . = ALIGN (0x4)
                0x000000002000005c                _ebss = .
                0x000000002000005c                __bss_end__ = _ebss

._user_heap_stack
                0x000000002000005c      0x604 load address 0x00000000080004c0
                0x0000000020000060                . = ALIGN (0x8)
 *fill*         0x000000002000005c        0x4 
                [!provide]                        PROVIDE (end = .)
                0x0000000020000060                PROVIDE (_end = .)
                0x0000000020000260                . = (. + _Min_Heap_Size)
 *fill*         0x0000000020000060      0x200 
                0x0000000020000660                . = (. + _Min_Stack_Size)
 *fill*         0x0000000020000260      0x400 
                0x0000000020000660                . = ALIGN (0x8)

/DISCARD/
 libc.a(*)
 libm.a(*)
 libgcc.a(*)

.ARM.attributes
                0x0000000000000000       0x30
 *(.ARM.attributes)
 .ARM.attributes
                0x0000000000000000       0x1e C:/Users/rsoza/Documents/coding/c++/stm32/STM32CubeIDE_1.14.1/STM32CubeIDE/plugins/com.st.stm32cube.ide.mcu.externaltools.gnu-tools-for-stm32.11.3.rel1.win32_1.1.100.202309141235/tools/bin/../lib/gcc/arm-none-eabi/11.3.1/thumb/v7e-m+fp/hard/crti.o
 .ARM.attributes
                0x000000000000001e       0x34 C:/Users/rsoza/Documents/coding/c++/stm32/STM32CubeIDE_1.14.1/STM32CubeIDE/plugins/com.st.stm32cube.ide.mcu.externaltools.gnu-tools-for-stm32.11.3.rel1.win32_1.1.100.202309141235/tools/bin/../lib/gcc/arm-none-eabi/11.3.1/thumb/v7e-m+fp/hard/crtbegin.o
 .ARM.attributes
                0x0000000000000052       0x34 ./Src/buzzer.o
 .ARM.attributes
                0x0000000000000086       0x34 ./Src/main.o
 .ARM.attributes
                0x00000000000000ba       0x21 ./Startup/startup_stm32f411retx.o
 .ARM.attributes
                0x00000000000000db       0x34 C:/Users/rsoza/Documents/coding/c++/stm32/STM32CubeIDE_1.14.1/STM32CubeIDE/plugins/com.st.stm32cube.ide.mcu.externaltools.gnu-tools-for-stm32.11.3.rel1.win32_1.1.100.202309141235/tools/bin/../lib/gcc/arm-none-eabi/11.3.1/../../../../arm-none-eabi/lib/thumb/v7e-m+fp/hard\libc_nano.a(libc_a-init.o)
 .ARM.attributes
                0x000000000000010f       0x1e C:/Users/rsoza/Documents/coding/c++/stm32/STM32CubeIDE_1.14.1/STM32CubeIDE/plugins/com.st.stm32cube.ide.mcu.externaltools.gnu-tools-for-stm32.11.3.rel1.win32_1.1.100.202309141235/tools/bin/../lib/gcc/arm-none-eabi/11.3.1/thumb/v7e-m+fp/hard/crtn.o
OUTPUT(beep_beep_light.elf elf32-littlearm)
LOAD linker stubs
LOAD C:/Users/rsoza/Documents/coding/c++/stm32/STM32CubeIDE_1.14.1/STM32CubeIDE/plugins/com.st.stm32cube.ide.mcu.externaltools.gnu-tools-for-stm32.11.3.rel1.win32_1.1.100.202309141235/tools/bin/../lib/gcc/arm-none-eabi/11.3.1/../../../../arm-none-eabi/lib/thumb/v7e-m+fp/hard\libc.a
LOAD C:/Users/rsoza/Documents/coding/c++/stm32/STM32CubeIDE_1.14.1/STM32CubeIDE/plugins/com.st.stm32cube.ide.mcu.externaltools.gnu-tools-for-stm32.11.3.rel1.win32_1.1.100.202309141235/tools/bin/../lib/gcc/arm-none-eabi/11.3.1/../../../../arm-none-eabi/lib/thumb/v7e-m+fp/hard\libm.a
LOAD C:/Users/rsoza/Documents/coding/c++/stm32/STM32CubeIDE_1.14.1/STM32CubeIDE/plugins/com.st.stm32cube.ide.mcu.externaltools.gnu-tools-for-stm32.11.3.rel1.win32_1.1.100.202309141235/tools/bin/../lib/gcc/arm-none-eabi/11.3.1/thumb/v7e-m+fp/hard\libgcc.a

.comment        0x0000000000000000       0x43
 .comment       0x0000000000000000       0x43 C:/Users/rsoza/Documents/coding/c++/stm32/STM32CubeIDE_1.14.1/STM32CubeIDE/plugins/com.st.stm32cube.ide.mcu.externaltools.gnu-tools-for-stm32.11.3.rel1.win32_1.1.100.202309141235/tools/bin/../lib/gcc/arm-none-eabi/11.3.1/thumb/v7e-m+fp/hard/crtbegin.o
                                         0x44 (size before relaxing)
 .comment       0x0000000000000043       0x44 ./Src/buzzer.o
 .comment       0x0000000000000043       0x44 ./Src/main.o

.debug_info     0x0000000000000000      0x797
 .debug_info    0x0000000000000000      0x528 ./Src/buzzer.o
 .debug_info    0x0000000000000528      0x24c ./Src/main.o
 .debug_info    0x0000000000000774       0x23 ./Startup/startup_stm32f411retx.o

.debug_abbrev   0x0000000000000000      0x24e
 .debug_abbrev  0x0000000000000000      0x113 ./Src/buzzer.o
 .debug_abbrev  0x0000000000000113      0x129 ./Src/main.o
 .debug_abbrev  0x000000000000023c       0x12 ./Startup/startup_stm32f411retx.o

.debug_aranges  0x0000000000000000       0x78
 .debug_aranges
                0x0000000000000000       0x30 ./Src/buzzer.o
 .debug_aranges
                0x0000000000000030       0x20 ./Src/main.o
 .debug_aranges
                0x0000000000000050       0x28 ./Startup/startup_stm32f411retx.o

.debug_rnglists
                0x0000000000000000       0x4c
 .debug_rnglists
                0x0000000000000000       0x1f ./Src/buzzer.o
 .debug_rnglists
                0x000000000000001f       0x14 ./Src/main.o
 .debug_rnglists
                0x0000000000000033       0x19 ./Startup/startup_stm32f411retx.o

.debug_macro    0x0000000000000000     0xea55
 .debug_macro   0x0000000000000000      0x1cf ./Src/buzzer.o
 .debug_macro   0x00000000000001cf      0xab4 ./Src/buzzer.o
 .debug_macro   0x0000000000000c83       0x28 ./Src/buzzer.o
 .debug_macro   0x0000000000000cab       0x28 ./Src/buzzer.o
 .debug_macro   0x0000000000000cd3       0x22 ./Src/buzzer.o
 .debug_macro   0x0000000000000cf5       0x8e ./Src/buzzer.o
 .debug_macro   0x0000000000000d83       0x51 ./Src/buzzer.o
 .debug_macro   0x0000000000000dd4      0x103 ./Src/buzzer.o
 .debug_macro   0x0000000000000ed7       0x6a ./Src/buzzer.o
 .debug_macro   0x0000000000000f41      0x1df ./Src/buzzer.o
 .debug_macro   0x0000000000001120       0x1c ./Src/buzzer.o
 .debug_macro   0x000000000000113c       0x22 ./Src/buzzer.o
 .debug_macro   0x000000000000115e       0xd9 ./Src/buzzer.o
 .debug_macro   0x0000000000001237     0x102d ./Src/buzzer.o
 .debug_macro   0x0000000000002264      0x11f ./Src/buzzer.o
 .debug_macro   0x0000000000002383     0xb937 ./Src/buzzer.o
 .debug_macro   0x000000000000dcba       0x43 ./Src/buzzer.o
 .debug_macro   0x000000000000dcfd       0x10 ./Src/buzzer.o
 .debug_macro   0x000000000000dd0d       0x2a ./Src/buzzer.o
 .debug_macro   0x000000000000dd37       0x61 ./Src/buzzer.o
 .debug_macro   0x000000000000dd98       0x43 ./Src/buzzer.o
 .debug_macro   0x000000000000dddb       0x34 ./Src/buzzer.o
 .debug_macro   0x000000000000de0f       0x16 ./Src/buzzer.o
 .debug_macro   0x000000000000de25      0x10e ./Src/buzzer.o
 .debug_macro   0x000000000000df33       0x8d ./Src/buzzer.o
 .debug_macro   0x000000000000dfc0       0x16 ./Src/buzzer.o
 .debug_macro   0x000000000000dfd6       0x43 ./Src/buzzer.o
 .debug_macro   0x000000000000e019       0x34 ./Src/buzzer.o
 .debug_macro   0x000000000000e04d       0x10 ./Src/buzzer.o
 .debug_macro   0x000000000000e05d       0x58 ./Src/buzzer.o
 .debug_macro   0x000000000000e0b5       0x8e ./Src/buzzer.o
 .debug_macro   0x000000000000e143       0x1c ./Src/buzzer.o
 .debug_macro   0x000000000000e15f      0x177 ./Src/buzzer.o
 .debug_macro   0x000000000000e2d6      0x369 ./Src/buzzer.o
 .debug_macro   0x000000000000e63f       0x16 ./Src/buzzer.o
 .debug_macro   0x000000000000e655       0x29 ./Src/buzzer.o
 .debug_macro   0x000000000000e67e      0x226 ./Src/buzzer.o
 .debug_macro   0x000000000000e8a4      0x1b1 ./Src/main.o

.debug_line     0x0000000000000000      0xf56
 .debug_line    0x0000000000000000      0x77f ./Src/buzzer.o
 .debug_line    0x000000000000077f      0x75c ./Src/main.o
 .debug_line    0x0000000000000edb       0x7b ./Startup/startup_stm32f411retx.o

.debug_str      0x0000000000000000    0x53017
 .debug_str     0x0000000000000000    0x52fba ./Src/buzzer.o
                                      0x531b5 (size before relaxing)
 .debug_str     0x0000000000052fba       0x2e ./Src/main.o
                                      0x5301a (size before relaxing)
 .debug_str     0x0000000000052fe8       0x2f ./Startup/startup_stm32f411retx.o
                                         0x7d (size before relaxing)

.debug_frame    0x0000000000000000       0xd8
 .debug_frame   0x0000000000000000       0x78 ./Src/buzzer.o
 .debug_frame   0x0000000000000078       0x34 ./Src/main.o
 .debug_frame   0x00000000000000ac       0x2c C:/Users/rsoza/Documents/coding/c++/stm32/STM32CubeIDE_1.14.1/STM32CubeIDE/plugins/com.st.stm32cube.ide.mcu.externaltools.gnu-tools-for-stm32.11.3.rel1.win32_1.1.100.202309141235/tools/bin/../lib/gcc/arm-none-eabi/11.3.1/../../../../arm-none-eabi/lib/thumb/v7e-m+fp/hard\libc_nano.a(libc_a-init.o)

.debug_line_str
                0x0000000000000000       0x71
 .debug_line_str
                0x0000000000000000       0x71 ./Startup/startup_stm32f411retx.o
                                         0x89 (size before relaxing)
